libEGL warning: DRI3 error: Could not get DRI3 device
libEGL warning: Ensure your X server supports DRI3 to get accelerated rendering

** (WebKitWebProcess:17331): WARNING **: 08:18:58.058: Unable to get session D-Bus address: Failed to execute child process “dbus-launch” (No such file or directory)
js[0] -> ob
js[1] -> odd
js[2] -> 0
js[3] -> 0
js[4] -> Can't open BEAR_001.
{
 "profile": "safari-expanded",
 "note": "svh=dvh=659 (Playwright), vh=lvh=745 (estimate)",
 "viewCSS": [
  393,
  659
 ],
 "loads": [
  {
   "ua": "Mozilla/5.0 (iPhone; CPU iPhone OS 18_6 like Mac OS X) AppleWebKit/605.1.15 (KHTML, like Gecko) Version/18.6 Mobile/15E148 Safari/604.1",
   "dpr": 3,
   "inner": [
    393,
    659
   ],
   "visualViewport": [
    393,
    659
   ],
   "screen": [
    393,
    852
   ],
   "standalone": false,
   "mq": {
    "standalone": false,
    "dark": false,
    "reducedMotion": false,
    "hoverNone": true,
    "coarse": true
   },
   "touch": {
    "ontouchstart": true,
    "maxTouchPoints": 5
   },
   "font": {
    "appleSystem17pxWidth": 183
   },
   "rewrite": {
    "env": 19,
    "vh": 6,
    "media": 4,
    "sheets": 9,
    "blocked": 0
   },
   "hasSW": false,
   "sw": null,
   "storage": {
    "localStorageKeys": 2
   },
   "title": "STEM drill"
  }
 ],
 "drag": null,
 "png": "/home/user/wt-next-dead/design/shots/next-dead-2026-10-09/wk-after-odd.png",
 "pngPx": [
  1179,
  1977
 ]
}
