ROW out
js[17] -> 1 #PHYS_F3N>#PHYS_F3N shown PHYS_F3N>PHYS_F3N dis=true hid=false said=""
2 #PHYS_F3N>#PHYS_F3N shown PHYS_F3N>PHYS_F3N dis=true hid=false said=""
3 #PHYS_F3N>#PHYS_F3N shown PHYS_F3N>PHYS_F3N dis=true hid=false said=""
4 #PHYS_F3N>#PHYS_F3N shown PHYS_F3N>PHYS_F3N dis=true hid=false said=""
5 #PHYS_F3N>#PHYS_F3N shown PHYS_F3N>PHYS_F3N dis=true hid=false said=""
6 #PHYS_F3N>#PHYS_F3N shown PHYS_F3N>PHYS_F3N dis=true hid=false said=""
7 #PHYS_F3N>#PHYS_F3N shown PHYS_F3N>PHYS_F3N dis=true hid=false said=""
8 #PHYS_F3N>#PHYS_F3N shown PHYS_F3N>PHYS_F3N dis=true hid=false said=""
9 #PHYS_F3N>#PHYS_F3N shown PHYS_F3N>PHYS_F3N dis=true hid=false said=""
10 #PHYS_F3N>#PHYS_F3N shown PHYS_F3N>PHYS_F3N dis=true hid=false said=""
  393,
  659
  1179,
  1977
ROW odd
js[4] -> 
  393,
  659
  1179,
  1977
ROW one
js[18] -> 1 #PHYS_P01>#PHYS_P01 shown PHYS_P01>PHYS_P01 dis=false hid=false said=""
2 #PHYS_P01>#PHYS_P01 shown PHYS_P01>PHYS_P01 dis=false hid=false said=""
3 #PHYS_P01>#PHYS_P01 shown PHYS_P01>PHYS_P01 dis=false hid=false said=""
4 #PHYS_P01>#PHYS_P01 shown PHYS_P01>PHYS_P01 dis=false hid=false said=""
5 #PHYS_P01>#PHYS_P01 shown PHYS_P01>PHYS_P01 dis=false hid=false said=""
6 #PHYS_P01>#PHYS_P01 shown PHYS_P01>PHYS_P01 dis=false hid=false said=""
7 #PHYS_P01>#PHYS_P01 shown PHYS_P01>PHYS_P01 dis=false hid=false said=""
8 #PHYS_P01>#PHYS_P01 shown PHYS_P01>PHYS_P01 dis=false hid=false said=""
9 #PHYS_P01>#PHYS_P01 shown PHYS_P01>PHYS_P01 dis=false hid=false said=""
10 #PHYS_P01>#PHYS_P01 shown PHYS_P01>PHYS_P01 dis=false hid=false said=""
  393,
  659
  1179,
  1977
done
